{
  "message": "Key: 'Title' Error:Field validation for 'title' failed on the 'required' tag"
}
